SAFE67 SINGLE PAPER/LIVE + CONFIGURABLE SL regression: OK
